// Jest Snapshot v1, https://goo.gl/fbAQLP

exports[`ApplicationError matches snapshot 1`] = `
<div>
  <h1>
    ApplicationError
  </h1>
</div>
`;
